// Jest Snapshot v1, https://goo.gl/fbAQLP

exports[`renders correctly 1`] = `
<div>
  <div
    className="StartScreen"
    onClick={[Function]}
    onKeyPress={[Function]}
    tabIndex="0"
  >
    <p>
      Touch screen, click or press any key to start game.
    </p>
    <p>
      Use your finger, mouse or arrow keys to position the magnet.
    </p>
    <p>
      Release finger/button or press space to turn the magnet on or off.
    </p>
    <p>
      You move to the next level when all the objects (including the ball) are at the bottom of the box.
    </p>
    <p>
      You gain a point for each dislodged object and starting a new level, but lose a point each time release ball.
    </p>
    <p>
      Double clicking/tapping on score toggles debug mode.
    </p>
    <div>
      <p>
        JavaScript 
        <span
          onClick={[Function]}
        >
          crashes
        </span>
         are recorded using 
        <a
          href="https://sentry.io"
          onClick={[Function]}
        >
          Sentry
        </a>
        .
      </p>
    </div>
    <p>
      Use of this site is tracked using 
      <a
        href="https://analytics.google.com/analytics/web/"
      >
        Google Analytics
      </a>
      .
    </p>
    <img
      alt=""
      hidden={true}
      src="ball.png"
    />
    <select
      onChange={[Function]}
      value={1}
    >
      <option
        value={1}
      >
        1
      </option>
      <option
        value={2}
      >
        2
      </option>
      <option
        value={3}
      >
        3
      </option>
    </select>
  </div>
  <div
    className="cookieConsent "
    style={
      Object {
        "alignItems": "baseline",
        "background": "#353535",
        "bottom": "0",
        "color": "white",
        "display": "flex",
        "flexWrap": "wrap",
        "justifyContent": "space-between",
        "left": "0",
        "position": "fixed",
        "width": "100%",
        "zIndex": "999",
      }
    }
  >
    <div
      className=""
      style={
        Object {
          "flex": "1 0 300px",
          "margin": "15px",
        }
      }
    >
      This site uses cookies.
    </div>
    <button
      className=""
      id=""
      onClick={[Function]}
      style={
        Object {
          "background": "#ffd42d",
          "border": "0",
          "borderRadius": "0px",
          "boxShadow": "none",
          "color": "black",
          "cursor": "pointer",
          "flex": "0 0 auto",
          "margin": "15px",
          "padding": "5px 10px",
        }
      }
    >
      I understand
    </button>
  </div>
</div>
`;
