// Jest Snapshot v1, https://goo.gl/fbAQLP

exports[`renders correctly 1`] = `
<div
  className="StartScreen"
  onClick={[Function]}
  onKeyPress={[Function]}
  tabIndex="0"
>
  <p>
    Press any key to start game.
  </p>
  <p>
    Use left and right arrows to position the magnet.
  </p>
  <p>
    Press space to turn the magnet on or off.
  </p>
  <p>
    You move to the next level when all objects have been dislodged.
  </p>
</div>
`;
