// Jest Snapshot v1, https://goo.gl/fbAQLP

exports[`renders correctly 1`] = `
<div
  className="StartScreen"
  onClick={[Function]}
  onKeyPress={[Function]}
  tabIndex="0"
>
  <p>
    Touch screen, click or press any key to start game.
  </p>
  <p>
    Use your finger, mouse or arrow keys to position the magnet.
  </p>
  <p>
    Release or press space to turn the magnet on or off.
  </p>
  <p>
    You move to the next level when all the objects (including the ball) are at the bottom of the box.
  </p>
</div>
`;
